
  error - A value of type 'String Function([BuildContext?])' can't be returned from the function 'timeToString' because it has a return type of 'String' - lib\tools\time.dart:20:12 - retur
n_of_invalid_type


